============================= test session starts ==============================
platform linux -- Python 3.12.13, pytest-9.1.1, pluggy-1.6.0
rootdir: /home/eyad/Programming/Python newbie second/grace
configfile: pyproject.toml
plugins: typeguard-4.5.2, asyncio-1.4.0
asyncio: mode=Mode.STRICT, debug=False, asyncio_default_fixture_loop_scope=None, asyncio_default_test_loop_scope=function
collected 50 items

tests/extensions/test_reminder_cog.py ..........................
tests/extensions/test_threads_cog.py .......
tests/extensions/test_time_cog.py .........
tests/extensions/test_translator_cog.py 







 

type = rich
title = None
url = None
description = None
colour = #ffffff
fields = [EmbedProxy(inline=False, name='English Original', value='Funny'), 
EmbedProxy(inline=False, name='Arabic Translation', value='مضحك')]
timestamp = None
author = EmbedProxy()
thumbnail = EmbedProxy(flags=<AttachmentFlags value=0>)
footer = EmbedProxy()
image = EmbedProxy(flags=<AttachmentFlags value=0>)
provider = EmbedProxy()
video = EmbedProxy(flags=<AttachmentFlags value=0>)
_flags = 0 








F.
tests/models/test_extension.py ......

=================================== FAILURES ===================================
_______________________________ test_translator ________________________________

translator_cog = <bot.extensions.translator_cog.TranslatorCog object at 0x7fb243d03bf0>
mock_bot = <MagicMock id='140403618645152'>

    @pytest.mark.asyncio
    async def test_translator(translator_cog, mock_bot):
        ctx = MagicMock()
        ctx.defer = AsyncMock()
        ctx.send = AsyncMock()
    
        translate_from = "English"
        translate_into = "Arabic"
        sentence = "Funny"
        translated_text = "مضحك"
    
        await translator_cog.translator(
            translator_cog,
            ctx,
            sentence="Funny",
            translate_from="English",
            translate_into="Arabic"
        )
    
        embed = Embed(color=mock_bot.default_color)
    
        embed.add_field(
            name=f"{translate_from} Original",
            value=sentence,
            inline=False,
        )
        embed.add_field(
            name=f"{translate_into} Translation",
            value=translated_text,
            inline=False,
        )
    
        print(f"\n\n\n\n\n\n\n\n \ntype = {embed.type}\ntitle = {embed.title}\nurl = {embed.url}\ndescription = {embed.description}\ncolour = {embed.colour}\nfields = {embed.fields}\ntimestamp = {embed.timestamp}\nauthor = {embed.author}\nthumbnail = {embed.thumbnail}\nfooter = {embed.footer}\nimage = {embed.image}\nprovider = {embed.provider}\nvideo = {embed.video}\n_flags = {embed._flags} \n\n\n\n\n\n\n\n")
>       ctx.send.assert_awaited_once_with(embed)

tests/extensions/test_translator_cog.py:49: 
_ _ _ _ _ _ _ _ _ _ _ _ _ _ _ _ _ _ _ _ _ _ _ _ _ _ _ _ _ _ _ _ _ _ _ _ _ _ _ _ 
../../../.pyenv/versions/3.12.13/lib/python3.12/unittest/mock.py:2363: in assert_awaited_once_with
    return self.assert_awaited_with(*args, **kwargs)
           ^^^^^^^^^^^^^^^^^^^^^^^^^^^^^^^^^^^^^^^^^
_ _ _ _ _ _ _ _ _ _ _ _ _ _ _ _ _ _ _ _ _ _ _ _ _ _ _ _ _ _ _ _ _ _ _ _ _ _ _ _ 

self = <AsyncMock name='mock.send' id='140403618580240'>
args = (<discord.embeds.Embed object at 0x7fb2449149d0>,), kwargs = {}

    def assert_awaited_with(self, /, *args, **kwargs):
        """
        Assert that the last await was with the specified arguments.
        """
        if self.await_args is None:
            expected = self._format_mock_call_signature(args, kwargs)
            raise AssertionError(f'Expected await: {expected}\nNot awaited')
    
        def _error_message():
            msg = self._format_mock_failure_message(args, kwargs, action='await')
            return msg
    
        expected = self._call_matcher(_Call((args, kwargs), two=True))
        actual = self._call_matcher(self.await_args)
        if actual != expected:
            cause = expected if isinstance(expected, Exception) else None
>           raise AssertionError(_error_message()) from cause
E           AssertionError: expected await not found.
E           Expected: send(<discord.embeds.Embed object at 0x7fb2449149d0>)
E             Actual: send(embed=<discord.embeds.Embed object at 0x7fb244914a60>)

../../../.pyenv/versions/3.12.13/lib/python3.12/unittest/mock.py:2352: AssertionError
=============================== warnings summary ===============================
venv/lib/python3.12/site-packages/discord/player.py:30
  /home/eyad/Programming/Python newbie second/grace/venv/lib/python3.12/site-packages/discord/player.py:30: DeprecationWarning: 'audioop' is deprecated and slated for removal in Python 3.13
    import audioop

db/alembic/versions/614bb9e370d8_add_settings_for_puns_cooldown.py:33
db/alembic/versions/614bb9e370d8_add_settings_for_puns_cooldown.py:33
  /home/eyad/Programming/Python newbie second/grace/db/alembic/versions/614bb9e370d8_add_settings_for_puns_cooldown.py:33: SADeprecationWarning: The from_engine() method on Inspector is deprecated and will be removed in a future release.  Please use the sqlalchemy.inspect() function on an Engine or Connection in order to acquire an Inspector. (deprecated since: 1.4)
    inspector = Inspector.from_engine(bind)

venv/lib/python3.12/site-packages/httpx/_models.py:1
  /home/eyad/Programming/Python newbie second/grace/venv/lib/python3.12/site-packages/httpx/_models.py:1: DeprecationWarning: 'cgi' is deprecated and slated for removal in Python 3.13
    import cgi

tests/extensions/test_translator_cog.py::test_translator
  /home/eyad/Programming/Python newbie second/grace/venv/lib/python3.12/site-packages/httpx/_config.py:156: DeprecationWarning: ssl.PROTOCOL_TLS is deprecated
    context = ssl.SSLContext(ssl.PROTOCOL_TLS)

tests/extensions/test_translator_cog.py::test_translator
  /home/eyad/Programming/Python newbie second/grace/venv/lib/python3.12/site-packages/httpx/_config.py:159: DeprecationWarning: ssl.OP_NO_SSL*/ssl.OP_NO_TLS* options are deprecated
    context.options |= ssl.OP_NO_TLSv1

tests/extensions/test_translator_cog.py::test_translator
  /home/eyad/Programming/Python newbie second/grace/venv/lib/python3.12/site-packages/httpx/_config.py:160: DeprecationWarning: ssl.OP_NO_SSL*/ssl.OP_NO_TLS* options are deprecated
    context.options |= ssl.OP_NO_TLSv1_1

-- Docs: https://docs.pytest.org/en/stable/how-to/capture-warnings.html
=========================== short test summary info ============================
FAILED tests/extensions/test_translator_cog.py::test_translator - AssertionEr...
=================== 1 failed, 49 passed, 7 warnings in 8.01s ===================
